{
  "phase": "commercial",
  "total_fills": 56,
  "module_counts": {
    "market_details": 56
  },
  "execute": true,
  "validation": {
    "oversized": 0,
    "invalid_height": 0
  }
}
{
  "phase": "selected",
  "total_fills": 56,
  "selected_fills": 56,
  "start": 0
}
{"done": 25, "total": 56, "absolute_fill": 25, "label": "wine banner 850,2100 pole", "sample": "9849 66 11099 9851 80 11101 minecraft:dark_oak_log", "result": "Successfully filled 135 block(s)"}
{"done": 50, "total": 56, "absolute_fill": 50, "label": "shop sign 1000,2150", "sample": "9996 67 11149 10004 70 11151 minecraft:yellow_wool", "result": "Successfully filled 108 block(s)"}
{"done": 56, "total": 56, "absolute_fill": 56, "label": "shop sign 4500,2950", "sample": "13496 67 11949 13504 70 11951 minecraft:blue_wool", "result": "Successfully filled 108 block(s)"}
