{
  "phase": "commercial",
  "total_fills": 940,
  "module_counts": {
    "market_details": 940
  },
  "execute": true,
  "validation": {
    "oversized": 0,
    "invalid_height": 0
  }
}
{
  "phase": "selected",
  "total_fills": 940,
  "selected_fills": 940,
  "start": 0
}
{"load_regions": 110, "start_region": 0, "selected_regions": 110, "execution_pieces": 979}
{"done": 250, "total": 979, "region": 35, "regions": 110, "label": "cloth rack 1340,2640 bar", "sample": "10334 70 11640 10346 71 11640 minecraft:dark_oak_log", "result": "Successfully filled 22 block(s)"}
{"done": 500, "total": 979, "region": 56, "regions": 110, "label": "wine banner 4940,2072 pole", "sample": "13939 66 11071 13941 80 11073 minecraft:dark_oak_log", "result": "Successfully filled 135 block(s)"}
{"done": 750, "total": 979, "region": 83, "regions": 110, "label": "lantern 4890,2560", "sample": "13889 72 11559 13891 73 11561 minecraft:lantern", "result": "Successfully filled 18 block(s)"}
{"done": 979, "total": 979, "region": 110, "regions": 110, "label": "hawker 5040,2760 cloth", "sample": "14038 71 11758 14042 72 11762 minecraft:red_wool", "result": "Successfully filled 50 block(s)"}
