{
  "phase": "terrain",
  "total_fills": 425,
  "module_counts": {
    "terrain_longshou": 425
  },
  "execute": true,
  "validation": {
    "oversized": 0,
    "invalid_height": 0
  }
}
{
  "phase": "selected",
  "total_fills": 425,
  "selected_fills": 425,
  "start": 0
}
{"load_regions": 82, "execution_pieces": 3666}
{"done": 500, "total": 3666, "region": 13, "regions": 82, "label": "daming plateau", "sample": "11264 64 13376 11519 65 13381 minecraft:grass_block", "result": "Successfully filled 1536 block(s)"}
{"done": 1000, "total": 3666, "region": 24, "regions": 82, "label": "daming plateau", "sample": "11520 64 13778 11775 65 13783 minecraft:grass_block", "result": "Successfully filled 1536 block(s)"}
{"done": 1500, "total": 3666, "region": 34, "regions": 82, "label": "taiji plateau lower", "sample": "11520 64 13935 11775 66 13943 minecraft:grass_block", "result": "Successfully filled 2304 block(s)"}
{"done": 2000, "total": 3666, "region": 43, "regions": 82, "label": "daming plateau", "sample": "11264 64 14156 11519 65 14161 minecraft:grass_block", "result": "Successfully filled 1536 block(s)"}
{"done": 2500, "total": 3666, "region": 50, "regions": 82, "label": "daming plateau", "sample": "13056 64 14306 13200 65 14311 minecraft:grass_block", "result": "Successfully filled 870 block(s)"}
{"done": 3000, "total": 3666, "region": 58, "regions": 82, "label": "taiji plateau lower", "sample": "12544 64 14385 12600 66 14393 minecraft:grass_block", "result": "Successfully filled 513 block(s)"}
{"done": 3500, "total": 3666, "region": 67, "regions": 82, "label": "taiji plateau lower", "sample": "12288 64 14790 12543 66 14798 minecraft:grass_block", "result": "Successfully filled 2304 block(s)"}
{"done": 3666, "total": 3666, "region": 82, "regions": 82, "label": "daming slope 4200", "sample": "13312 64 13063 13399 64 13099 minecraft:grass_block", "result": "No blocks were filled"}
